<html>
<body>
<pre>
<h1>µVision Build Log</h1>
<h2>Project:</h2>
C:\Users\rui\Desktop\STMÏîÄ¿\ALIENTEK MINISTM32 20\USER\TEST.uvproj
Project File Date:  05/15/2016

<h2>Output:</h2>
Build target 'Target 1'
assembling STM32F10x.s...
compiling test.c...
compiling delay.c...
compiling sys.c...
compiling usart.c...
compiling led.c...
compiling key.c...
compiling exti.c...
compiling wdg.c...
compiling timer.c...
compiling ILI93xx.c...
compiling 24cxx.c...
compiling myiic.c...
compiling touch.c...
compiling ov7670.c...
compiling sccb.c...
compiling KeyInfo.c...
compiling usmart.c...
compiling usmart_config.c...
compiling usmart_str.c...
linking...
Program Size: Code=25298 RO-data=3570 RW-data=368 ZI-data=824  
FromELF: creating hex file...
"TEST.axf" - 0 Error(s), 0 Warning(s).
